14:13 demand: queued=30 busy=10 free=0 extra_nodes=0
14:13 SCALE-UP launched: 
aws: [ERROR]: An error occurred (VcpuLimitExceeded) when calling the RunInstances operation: You have requested more vCPU capacity than your current vCPU limit of 256 allows for the instance bucket that the specified instance type belongs to. Please visit http://aws.amazon.com/contact-us/ec2-request to request an adjustment to this limit.
14:17 demand: queued=30 busy=10 free=0 extra_nodes=1
14:17 SCALE-UP launched: 
aws: [ERROR]: An error occurred (VcpuLimitExceeded) when calling the RunInstances operation: You have requested more vCPU capacity than your current vCPU limit of 256 allows for the instance bucket that the specified instance type belongs to. Please visit http://aws.amazon.com/contact-us/ec2-request to request an adjustment to this limit.
14:20 demand: queued=30 busy=10 free=0 extra_nodes=1
14:20 SCALE-UP launched: 
aws: [ERROR]: An error occurred (VcpuLimitExceeded) when calling the RunInstances operation: You have requested more vCPU capacity than your current vCPU limit of 256 allows for the instance bucket that the specified instance type belongs to. Please visit http://aws.amazon.com/contact-us/ec2-request to request an adjustment to this limit.
14:24 demand: queued=30 busy=10 free=0 extra_nodes=0
14:24 SCALE-UP launched: 
aws: [ERROR]: An error occurred (VcpuLimitExceeded) when calling the RunInstances operation: You have requested more vCPU capacity than your current vCPU limit of 256 allows for the instance bucket that the specified instance type belongs to. Please visit http://aws.amazon.com/contact-us/ec2-request to request an adjustment to this limit.
14:27 demand: queued=30 busy=10 free=0 extra_nodes=0
14:27 SCALE-UP launched: 
aws: [ERROR]: An error occurred (VcpuLimitExceeded) when calling the RunInstances operation: You have requested more vCPU capacity than your current vCPU limit of 256 allows for the instance bucket that the specified instance type belongs to. Please visit http://aws.amazon.com/contact-us/ec2-request to request an adjustment to this limit.
14:30 demand: queued=30 busy=10 free=0 extra_nodes=0
14:31 SCALE-UP launched: 
aws: [ERROR]: An error occurred (VcpuLimitExceeded) when calling the RunInstances operation: You have requested more vCPU capacity than your current vCPU limit of 256 allows for the instance bucket that the specified instance type belongs to. Please visit http://aws.amazon.com/contact-us/ec2-request to request an adjustment to this limit.
14:34 demand: queued=30 busy=10 free=0 extra_nodes=0
14:34 SCALE-UP launched: 
aws: [ERROR]: An error occurred (VcpuLimitExceeded) when calling the RunInstances operation: You have requested more vCPU capacity than your current vCPU limit of 256 allows for the instance bucket that the specified instance type belongs to. Please visit http://aws.amazon.com/contact-us/ec2-request to request an adjustment to this limit.
14:37 demand: queued=30 busy=10 free=0 extra_nodes=0
14:37 SCALE-UP launched: 
aws: [ERROR]: An error occurred (VcpuLimitExceeded) when calling the RunInstances operation: You have requested more vCPU capacity than your current vCPU limit of 256 allows for the instance bucket that the specified instance type belongs to. Please visit http://aws.amazon.com/contact-us/ec2-request to request an adjustment to this limit.
14:41 demand: queued=29 busy=9 free=1 extra_nodes=0
14:41 SCALE-UP launched: 
aws: [ERROR]: An error occurred (VcpuLimitExceeded) when calling the RunInstances operation: You have requested more vCPU capacity than your current vCPU limit of 256 allows for the instance bucket that the specified instance type belongs to. Please visit http://aws.amazon.com/contact-us/ec2-request to request an adjustment to this limit.
14:44 demand: queued=28 busy=10 free=0 extra_nodes=0
14:44 SCALE-UP launched: 
aws: [ERROR]: An error occurred (VcpuLimitExceeded) when calling the RunInstances operation: You have requested more vCPU capacity than your current vCPU limit of 256 allows for the instance bucket that the specified instance type belongs to. Please visit http://aws.amazon.com/contact-us/ec2-request to request an adjustment to this limit.
14:48 demand: queued=28 busy=10 free=0 extra_nodes=0
14:48 SCALE-UP launched: 
aws: [ERROR]: An error occurred (VcpuLimitExceeded) when calling the RunInstances operation: You have requested more vCPU capacity than your current vCPU limit of 256 allows for the instance bucket that the specified instance type belongs to. Please visit http://aws.amazon.com/contact-us/ec2-request to request an adjustment to this limit.
14:51 demand: queued=28 busy=10 free=0 extra_nodes=0
14:51 SCALE-UP launched: 
aws: [ERROR]: An error occurred (VcpuLimitExceeded) when calling the RunInstances operation: You have requested more vCPU capacity than your current vCPU limit of 256 allows for the instance bucket that the specified instance type belongs to. Please visit http://aws.amazon.com/contact-us/ec2-request to request an adjustment to this limit.
14:55 demand: queued=28 busy=10 free=0 extra_nodes=0
14:55 SCALE-UP launched: 
aws: [ERROR]: An error occurred (VcpuLimitExceeded) when calling the RunInstances operation: You have requested more vCPU capacity than your current vCPU limit of 256 allows for the instance bucket that the specified instance type belongs to. Please visit http://aws.amazon.com/contact-us/ec2-request to request an adjustment to this limit.
14:58 demand: queued=28 busy=10 free=0 extra_nodes=0
14:58 SCALE-UP launched: 
aws: [ERROR]: An error occurred (VcpuLimitExceeded) when calling the RunInstances operation: You have requested more vCPU capacity than your current vCPU limit of 256 allows for the instance bucket that the specified instance type belongs to. Please visit http://aws.amazon.com/contact-us/ec2-request to request an adjustment to this limit.
15:02 demand: queued=28 busy=10 free=0 extra_nodes=0
15:02 SCALE-UP launched: 
aws: [ERROR]: An error occurred (VcpuLimitExceeded) when calling the RunInstances operation: You have requested more vCPU capacity than your current vCPU limit of 256 allows for the instance bucket that the specified instance type belongs to. Please visit http://aws.amazon.com/contact-us/ec2-request to request an adjustment to this limit.
15:05 demand: queued=28 busy=10 free=0 extra_nodes=0
15:05 SCALE-UP launched: 
aws: [ERROR]: An error occurred (VcpuLimitExceeded) when calling the RunInstances operation: You have requested more vCPU capacity than your current vCPU limit of 256 allows for the instance bucket that the specified instance type belongs to. Please visit http://aws.amazon.com/contact-us/ec2-request to request an adjustment to this limit.
15:09 demand: queued=28 busy=10 free=0 extra_nodes=0
15:09 SCALE-UP launched: 
aws: [ERROR]: An error occurred (VcpuLimitExceeded) when calling the RunInstances operation: You have requested more vCPU capacity than your current vCPU limit of 256 allows for the instance bucket that the specified instance type belongs to. Please visit http://aws.amazon.com/contact-us/ec2-request to request an adjustment to this limit.
15:12 demand: queued=28 busy=9 free=1 extra_nodes=0
15:12 SCALE-UP launched: 
aws: [ERROR]: An error occurred (VcpuLimitExceeded) when calling the RunInstances operation: You have requested more vCPU capacity than your current vCPU limit of 256 allows for the instance bucket that the specified instance type belongs to. Please visit http://aws.amazon.com/contact-us/ec2-request to request an adjustment to this limit.
15:15 demand: queued=27 busy=10 free=0 extra_nodes=0
15:15 SCALE-UP launched: 
aws: [ERROR]: An error occurred (VcpuLimitExceeded) when calling the RunInstances operation: You have requested more vCPU capacity than your current vCPU limit of 256 allows for the instance bucket that the specified instance type belongs to. Please visit http://aws.amazon.com/contact-us/ec2-request to request an adjustment to this limit.
15:19 demand: queued=27 busy=10 free=0 extra_nodes=0
15:19 SCALE-UP launched: 
aws: [ERROR]: An error occurred (VcpuLimitExceeded) when calling the RunInstances operation: You have requested more vCPU capacity than your current vCPU limit of 256 allows for the instance bucket that the specified instance type belongs to. Please visit http://aws.amazon.com/contact-us/ec2-request to request an adjustment to this limit.
15:22 demand: queued=27 busy=9 free=1 extra_nodes=0
15:22 SCALE-UP launched: 
aws: [ERROR]: An error occurred (VcpuLimitExceeded) when calling the RunInstances operation: You have requested more vCPU capacity than your current vCPU limit of 256 allows for the instance bucket that the specified instance type belongs to. Please visit http://aws.amazon.com/contact-us/ec2-request to request an adjustment to this limit.
15:26 demand: queued=26 busy=10 free=0 extra_nodes=0
15:26 SCALE-UP launched: 
aws: [ERROR]: An error occurred (VcpuLimitExceeded) when calling the RunInstances operation: You have requested more vCPU capacity than your current vCPU limit of 256 allows for the instance bucket that the specified instance type belongs to. Please visit http://aws.amazon.com/contact-us/ec2-request to request an adjustment to this limit.
15:29 demand: queued=26 busy=10 free=0 extra_nodes=0
15:29 SCALE-UP launched: 
aws: [ERROR]: An error occurred (VcpuLimitExceeded) when calling the RunInstances operation: You have requested more vCPU capacity than your current vCPU limit of 256 allows for the instance bucket that the specified instance type belongs to. Please visit http://aws.amazon.com/contact-us/ec2-request to request an adjustment to this limit.
15:33 demand: queued=26 busy=10 free=0 extra_nodes=0
15:33 SCALE-UP launched: 
aws: [ERROR]: An error occurred (VcpuLimitExceeded) when calling the RunInstances operation: You have requested more vCPU capacity than your current vCPU limit of 256 allows for the instance bucket that the specified instance type belongs to. Please visit http://aws.amazon.com/contact-us/ec2-request to request an adjustment to this limit.
15:36 demand: queued=26 busy=10 free=0 extra_nodes=0
15:36 SCALE-UP launched: 
aws: [ERROR]: An error occurred (VcpuLimitExceeded) when calling the RunInstances operation: You have requested more vCPU capacity than your current vCPU limit of 256 allows for the instance bucket that the specified instance type belongs to. Please visit http://aws.amazon.com/contact-us/ec2-request to request an adjustment to this limit.
15:40 demand: queued=26 busy=10 free=0 extra_nodes=0
15:40 SCALE-UP launched: 
aws: [ERROR]: An error occurred (VcpuLimitExceeded) when calling the RunInstances operation: You have requested more vCPU capacity than your current vCPU limit of 256 allows for the instance bucket that the specified instance type belongs to. Please visit http://aws.amazon.com/contact-us/ec2-request to request an adjustment to this limit.
15:43 demand: queued=26 busy=10 free=0 extra_nodes=0
15:43 SCALE-UP launched: 
aws: [ERROR]: An error occurred (VcpuLimitExceeded) when calling the RunInstances operation: You have requested more vCPU capacity than your current vCPU limit of 256 allows for the instance bucket that the specified instance type belongs to. Please visit http://aws.amazon.com/contact-us/ec2-request to request an adjustment to this limit.
15:47 demand: queued=26 busy=9 free=1 extra_nodes=0
15:47 SCALE-UP launched: 
aws: [ERROR]: An error occurred (VcpuLimitExceeded) when calling the RunInstances operation: You have requested more vCPU capacity than your current vCPU limit of 256 allows for the instance bucket that the specified instance type belongs to. Please visit http://aws.amazon.com/contact-us/ec2-request to request an adjustment to this limit.
15:50 demand: queued=25 busy=10 free=0 extra_nodes=0
15:50 SCALE-UP launched: 
aws: [ERROR]: An error occurred (VcpuLimitExceeded) when calling the RunInstances operation: You have requested more vCPU capacity than your current vCPU limit of 256 allows for the instance bucket that the specified instance type belongs to. Please visit http://aws.amazon.com/contact-us/ec2-request to request an adjustment to this limit.
15:54 demand: queued=24 busy=10 free=0 extra_nodes=0
15:54 SCALE-UP launched: 
aws: [ERROR]: An error occurred (VcpuLimitExceeded) when calling the RunInstances operation: You have requested more vCPU capacity than your current vCPU limit of 256 allows for the instance bucket that the specified instance type belongs to. Please visit http://aws.amazon.com/contact-us/ec2-request to request an adjustment to this limit.
15:57 demand: queued=24 busy=10 free=0 extra_nodes=0
15:57 SCALE-UP launched: 
aws: [ERROR]: An error occurred (VcpuLimitExceeded) when calling the RunInstances operation: You have requested more vCPU capacity than your current vCPU limit of 256 allows for the instance bucket that the specified instance type belongs to. Please visit http://aws.amazon.com/contact-us/ec2-request to request an adjustment to this limit.
16:01 demand: queued=24 busy=10 free=0 extra_nodes=0
16:01 SCALE-UP launched: 
aws: [ERROR]: An error occurred (VcpuLimitExceeded) when calling the RunInstances operation: You have requested more vCPU capacity than your current vCPU limit of 256 allows for the instance bucket that the specified instance type belongs to. Please visit http://aws.amazon.com/contact-us/ec2-request to request an adjustment to this limit.
16:04 demand: queued=24 busy=8 free=2 extra_nodes=0
16:04 SCALE-UP launched: 
aws: [ERROR]: An error occurred (VcpuLimitExceeded) when calling the RunInstances operation: You have requested more vCPU capacity than your current vCPU limit of 256 allows for the instance bucket that the specified instance type belongs to. Please visit http://aws.amazon.com/contact-us/ec2-request to request an adjustment to this limit.
16:08 demand: queued=23 busy=10 free=0 extra_nodes=0
16:08 SCALE-UP launched: 
aws: [ERROR]: An error occurred (VcpuLimitExceeded) when calling the RunInstances operation: You have requested more vCPU capacity than your current vCPU limit of 256 allows for the instance bucket that the specified instance type belongs to. Please visit http://aws.amazon.com/contact-us/ec2-request to request an adjustment to this limit.
16:11 demand: queued=22 busy=10 free=0 extra_nodes=0
16:11 SCALE-UP launched: 
aws: [ERROR]: An error occurred (VcpuLimitExceeded) when calling the RunInstances operation: You have requested more vCPU capacity than your current vCPU limit of 256 allows for the instance bucket that the specified instance type belongs to. Please visit http://aws.amazon.com/contact-us/ec2-request to request an adjustment to this limit.
16:15 demand: queued=22 busy=10 free=0 extra_nodes=0
16:15 SCALE-UP launched: 
aws: [ERROR]: An error occurred (VcpuLimitExceeded) when calling the RunInstances operation: You have requested more vCPU capacity than your current vCPU limit of 256 allows for the instance bucket that the specified instance type belongs to. Please visit http://aws.amazon.com/contact-us/ec2-request to request an adjustment to this limit.
16:18 demand: queued=22 busy=9 free=1 extra_nodes=0
16:18 SCALE-UP launched: 
aws: [ERROR]: An error occurred (VcpuLimitExceeded) when calling the RunInstances operation: You have requested more vCPU capacity than your current vCPU limit of 256 allows for the instance bucket that the specified instance type belongs to. Please visit http://aws.amazon.com/contact-us/ec2-request to request an adjustment to this limit.
16:22 demand: queued=21 busy=10 free=0 extra_nodes=0
16:22 SCALE-UP launched: 
aws: [ERROR]: An error occurred (VcpuLimitExceeded) when calling the RunInstances operation: You have requested more vCPU capacity than your current vCPU limit of 256 allows for the instance bucket that the specified instance type belongs to. Please visit http://aws.amazon.com/contact-us/ec2-request to request an adjustment to this limit.
16:25 demand: queued=21 busy=10 free=0 extra_nodes=0
16:25 SCALE-UP launched: 
aws: [ERROR]: An error occurred (VcpuLimitExceeded) when calling the RunInstances operation: You have requested more vCPU capacity than your current vCPU limit of 256 allows for the instance bucket that the specified instance type belongs to. Please visit http://aws.amazon.com/contact-us/ec2-request to request an adjustment to this limit.
16:29 demand: queued=21 busy=10 free=0 extra_nodes=0
16:29 SCALE-UP launched: 
aws: [ERROR]: An error occurred (VcpuLimitExceeded) when calling the RunInstances operation: You have requested more vCPU capacity than your current vCPU limit of 256 allows for the instance bucket that the specified instance type belongs to. Please visit http://aws.amazon.com/contact-us/ec2-request to request an adjustment to this limit.
16:32 demand: queued=21 busy=9 free=1 extra_nodes=0
16:32 SCALE-UP launched: 
aws: [ERROR]: An error occurred (VcpuLimitExceeded) when calling the RunInstances operation: You have requested more vCPU capacity than your current vCPU limit of 256 allows for the instance bucket that the specified instance type belongs to. Please visit http://aws.amazon.com/contact-us/ec2-request to request an adjustment to this limit.
16:35 demand: queued=20 busy=10 free=0 extra_nodes=0
16:35 SCALE-UP launched: 
aws: [ERROR]: An error occurred (VcpuLimitExceeded) when calling the RunInstances operation: You have requested more vCPU capacity than your current vCPU limit of 256 allows for the instance bucket that the specified instance type belongs to. Please visit http://aws.amazon.com/contact-us/ec2-request to request an adjustment to this limit.
16:39 demand: queued=20 busy=10 free=0 extra_nodes=0
16:39 SCALE-UP launched: 
aws: [ERROR]: An error occurred (VcpuLimitExceeded) when calling the RunInstances operation: You have requested more vCPU capacity than your current vCPU limit of 256 allows for the instance bucket that the specified instance type belongs to. Please visit http://aws.amazon.com/contact-us/ec2-request to request an adjustment to this limit.
16:42 demand: queued=20 busy=10 free=0 extra_nodes=0
16:42 SCALE-UP launched: 
aws: [ERROR]: An error occurred (VcpuLimitExceeded) when calling the RunInstances operation: You have requested more vCPU capacity than your current vCPU limit of 256 allows for the instance bucket that the specified instance type belongs to. Please visit http://aws.amazon.com/contact-us/ec2-request to request an adjustment to this limit.
16:46 demand: queued=20 busy=10 free=0 extra_nodes=0
16:46 SCALE-UP launched: 
aws: [ERROR]: An error occurred (VcpuLimitExceeded) when calling the RunInstances operation: You have requested more vCPU capacity than your current vCPU limit of 256 allows for the instance bucket that the specified instance type belongs to. Please visit http://aws.amazon.com/contact-us/ec2-request to request an adjustment to this limit.
16:49 demand: queued=19 busy=10 free=0 extra_nodes=0
16:49 SCALE-UP launched: 
aws: [ERROR]: An error occurred (VcpuLimitExceeded) when calling the RunInstances operation: You have requested more vCPU capacity than your current vCPU limit of 256 allows for the instance bucket that the specified instance type belongs to. Please visit http://aws.amazon.com/contact-us/ec2-request to request an adjustment to this limit.
16:53 demand: queued=19 busy=10 free=0 extra_nodes=0
16:53 SCALE-UP launched: 
aws: [ERROR]: An error occurred (VcpuLimitExceeded) when calling the RunInstances operation: You have requested more vCPU capacity than your current vCPU limit of 256 allows for the instance bucket that the specified instance type belongs to. Please visit http://aws.amazon.com/contact-us/ec2-request to request an adjustment to this limit.
16:55 demand: queued=19 busy=10 free=0 extra_nodes=0
16:55 SCALE-UP launched: i-09471cf31651d49b4
17:00 NODE JOINED 44.249.197.255 (i-09471cf31651d49b4)
17:02 demand: queued=18 busy=11 free=0 extra_nodes=1
17:02 SCALE-UP blocked: account vCPU limit; backing off 15min
17:19 demand: queued=18 busy=9 free=2 extra_nodes=1
17:19 SCALE-UP blocked: account vCPU limit; backing off 15min
17:35 demand: queued=15 busy=10 free=1 extra_nodes=1
17:35 SCALE-UP blocked: account vCPU limit; backing off 15min
17:51 demand: queued=10 busy=11 free=0 extra_nodes=1
17:51 SCALE-UP blocked: account vCPU limit; backing off 15min
18:08 demand: queued=9 busy=11 free=0 extra_nodes=1
18:08 SCALE-UP blocked: account vCPU limit; backing off 15min
18:24 demand: queued=9 busy=11 free=0 extra_nodes=1
18:24 SCALE-UP blocked: account vCPU limit; backing off 15min
18:41 demand: queued=38 busy=2 free=9 extra_nodes=1
18:41 SCALE-UP blocked: account vCPU limit; backing off 15min
18:57 demand: queued=32 busy=9 free=2 extra_nodes=1
18:57 SCALE-UP blocked: account vCPU limit; backing off 15min
19:14 demand: queued=29 busy=11 free=0 extra_nodes=1
19:14 SCALE-UP blocked: account vCPU limit; backing off 15min
19:30 demand: queued=29 busy=11 free=0 extra_nodes=1
19:30 SCALE-UP blocked: account vCPU limit; backing off 15min
19:47 demand: queued=29 busy=11 free=0 extra_nodes=1
19:47 SCALE-UP blocked: account vCPU limit; backing off 15min
20:03 demand: queued=29 busy=11 free=0 extra_nodes=1
20:03 SCALE-UP blocked: account vCPU limit; backing off 15min
20:20 demand: queued=29 busy=11 free=0 extra_nodes=1
20:20 SCALE-UP blocked: account vCPU limit; backing off 15min
20:36 demand: queued=29 busy=11 free=0 extra_nodes=1
20:36 SCALE-UP blocked: account vCPU limit; backing off 15min
20:53 demand: queued=29 busy=11 free=0 extra_nodes=1
20:53 SCALE-UP blocked: account vCPU limit; backing off 15min
21:09 demand: queued=29 busy=11 free=0 extra_nodes=1
21:09 SCALE-UP blocked: account vCPU limit; backing off 15min
21:26 demand: queued=29 busy=11 free=0 extra_nodes=1
21:26 SCALE-UP blocked: account vCPU limit; backing off 15min
21:42 demand: queued=28 busy=9 free=2 extra_nodes=1
21:42 SCALE-UP blocked: account vCPU limit; backing off 15min
21:59 demand: queued=26 busy=11 free=0 extra_nodes=1
21:59 SCALE-UP blocked: account vCPU limit; backing off 15min
22:15 demand: queued=25 busy=11 free=0 extra_nodes=1
22:15 SCALE-UP blocked: account vCPU limit; backing off 15min
22:31 demand: queued=23 busy=11 free=0 extra_nodes=1
22:32 SCALE-UP blocked: account vCPU limit; backing off 15min
22:48 demand: queued=22 busy=9 free=2 extra_nodes=1
22:48 SCALE-UP blocked: account vCPU limit; backing off 15min
23:04 demand: queued=18 busy=11 free=0 extra_nodes=1
23:04 SCALE-UP blocked: account vCPU limit; backing off 15min
23:21 demand: queued=15 busy=10 free=1 extra_nodes=1
23:21 SCALE-UP blocked: account vCPU limit; backing off 15min
23:37 demand: queued=14 busy=11 free=0 extra_nodes=1
23:37 SCALE-UP blocked: account vCPU limit; backing off 15min
23:54 demand: queued=11 busy=11 free=0 extra_nodes=1
23:54 SCALE-UP blocked: account vCPU limit; backing off 15min
00:10 demand: queued=10 busy=11 free=0 extra_nodes=1
00:10 SCALE-UP blocked: account vCPU limit; backing off 15min
00:27 demand: queued=9 busy=11 free=0 extra_nodes=1
00:27 SCALE-UP blocked: account vCPU limit; backing off 15min
00:43 demand: queued=8 busy=10 free=1 extra_nodes=1
00:43 SCALE-UP blocked: account vCPU limit; backing off 15min
01:01 demand: queued=6 busy=11 free=0 extra_nodes=1
01:01 SCALE-UP blocked: account vCPU limit; backing off 15min
01:18 demand: queued=5 busy=10 free=1 extra_nodes=1
01:18 SCALE-UP blocked: account vCPU limit; backing off 15min
01:34 demand: queued=4 busy=11 free=0 extra_nodes=1
01:34 SCALE-UP blocked: account vCPU limit; backing off 15min
01:51 demand: queued=3 busy=10 free=1 extra_nodes=1
01:51 SCALE-UP blocked: account vCPU limit; backing off 15min
02:07 demand: queued=2 busy=11 free=0 extra_nodes=0
02:07 SCALE-UP blocked: cannot resolve reference config (aws auth?)
02:09 demand: queued=2 busy=11 free=0 extra_nodes=0
02:09 SCALE-UP blocked: cannot resolve reference config (aws auth?)
02:12 demand: queued=2 busy=11 free=0 extra_nodes=0
02:12 SCALE-UP blocked: cannot resolve reference config (aws auth?)
02:14 demand: queued=2 busy=11 free=0 extra_nodes=0
02:14 SCALE-UP blocked: cannot resolve reference config (aws auth?)
02:16 demand: queued=2 busy=11 free=0 extra_nodes=0
02:16 SCALE-UP blocked: cannot resolve reference config (aws auth?)
02:18 demand: queued=2 busy=11 free=0 extra_nodes=0
02:18 SCALE-UP blocked: cannot resolve reference config (aws auth?)
02:20 demand: queued=2 busy=11 free=0 extra_nodes=0
02:20 SCALE-UP blocked: cannot resolve reference config (aws auth?)
02:22 demand: queued=2 busy=11 free=0 extra_nodes=0
02:22 SCALE-UP blocked: cannot resolve reference config (aws auth?)
02:24 demand: queued=2 busy=11 free=0 extra_nodes=0
02:24 SCALE-UP blocked: cannot resolve reference config (aws auth?)
02:26 demand: queued=2 busy=11 free=0 extra_nodes=0
02:26 SCALE-UP blocked: cannot resolve reference config (aws auth?)
02:28 demand: queued=2 busy=10 free=1 extra_nodes=0
02:28 SCALE-UP blocked: cannot resolve reference config (aws auth?)
02:30 demand: queued=2 busy=11 free=0 extra_nodes=0
02:30 SCALE-UP blocked: cannot resolve reference config (aws auth?)
02:33 demand: queued=1 busy=11 free=0 extra_nodes=0
02:33 SCALE-UP blocked: cannot resolve reference config (aws auth?)
02:35 demand: queued=1 busy=11 free=0 extra_nodes=0
02:35 SCALE-UP blocked: cannot resolve reference config (aws auth?)
02:37 demand: queued=1 busy=11 free=0 extra_nodes=0
02:37 SCALE-UP blocked: cannot resolve reference config (aws auth?)
02:39 demand: queued=1 busy=11 free=0 extra_nodes=0
02:39 SCALE-UP blocked: cannot resolve reference config (aws auth?)
02:41 demand: queued=1 busy=11 free=0 extra_nodes=0
02:41 SCALE-UP blocked: cannot resolve reference config (aws auth?)
02:43 demand: queued=1 busy=11 free=0 extra_nodes=0
02:43 SCALE-UP blocked: cannot resolve reference config (aws auth?)
02:45 demand: queued=1 busy=11 free=0 extra_nodes=0
02:45 SCALE-UP blocked: cannot resolve reference config (aws auth?)
02:47 demand: queued=1 busy=11 free=0 extra_nodes=0
02:47 SCALE-UP blocked: cannot resolve reference config (aws auth?)
03:33 demand: queued=1 busy=8 free=3 extra_nodes=0
03:35 demand: queued=1 busy=8 free=3 extra_nodes=0
03:37 demand: queued=1 busy=8 free=3 extra_nodes=0
03:40 demand: queued=1 busy=8 free=3 extra_nodes=0
03:42 demand: queued=1 busy=8 free=3 extra_nodes=0
03:44 demand: queued=1 busy=8 free=3 extra_nodes=0
03:46 demand: queued=1 busy=8 free=3 extra_nodes=0
03:48 demand: queued=1 busy=8 free=3 extra_nodes=0
03:50 demand: queued=1 busy=8 free=3 extra_nodes=0
03:52 demand: queued=0 busy=8 free=3 extra_nodes=0
03:54 demand: queued=0 busy=8 free=3 extra_nodes=0
03:56 demand: queued=0 busy=8 free=3 extra_nodes=0
03:58 demand: queued=0 busy=7 free=4 extra_nodes=0
04:01 demand: queued=0 busy=6 free=5 extra_nodes=0
04:03 demand: queued=0 busy=6 free=5 extra_nodes=0
04:05 demand: queued=0 busy=5 free=6 extra_nodes=0
04:07 demand: queued=0 busy=5 free=6 extra_nodes=0
04:09 demand: queued=0 busy=5 free=6 extra_nodes=0
04:11 demand: queued=0 busy=4 free=7 extra_nodes=0
04:13 demand: queued=0 busy=3 free=8 extra_nodes=0
04:15 demand: queued=0 busy=3 free=8 extra_nodes=0
04:17 demand: queued=0 busy=3 free=8 extra_nodes=0
04:19 demand: queued=0 busy=3 free=8 extra_nodes=0
04:22 demand: queued=0 busy=3 free=8 extra_nodes=0
04:24 demand: queued=0 busy=3 free=8 extra_nodes=0
04:26 demand: queued=0 busy=3 free=8 extra_nodes=0
04:28 demand: queued=0 busy=3 free=8 extra_nodes=0
04:30 demand: queued=0 busy=3 free=8 extra_nodes=0
04:32 demand: queued=0 busy=3 free=8 extra_nodes=0
04:34 demand: queued=0 busy=3 free=8 extra_nodes=0
04:36 demand: queued=0 busy=3 free=8 extra_nodes=0
04:38 demand: queued=0 busy=2 free=9 extra_nodes=0
04:40 demand: queued=0 busy=2 free=9 extra_nodes=0
04:42 demand: queued=0 busy=2 free=9 extra_nodes=0
04:45 demand: queued=0 busy=2 free=9 extra_nodes=0
04:47 demand: queued=0 busy=2 free=9 extra_nodes=0
04:49 demand: queued=0 busy=2 free=9 extra_nodes=0
04:51 demand: queued=0 busy=2 free=9 extra_nodes=0
04:53 demand: queued=0 busy=2 free=9 extra_nodes=0
04:55 demand: queued=0 busy=2 free=9 extra_nodes=0
04:57 demand: queued=0 busy=2 free=9 extra_nodes=0
04:59 demand: queued=0 busy=2 free=9 extra_nodes=0
05:01 demand: queued=0 busy=2 free=9 extra_nodes=0
05:03 demand: queued=0 busy=2 free=9 extra_nodes=0
05:06 demand: queued=0 busy=2 free=9 extra_nodes=0
05:08 demand: queued=0 busy=2 free=9 extra_nodes=0
05:10 demand: queued=0 busy=2 free=9 extra_nodes=0
05:12 demand: queued=0 busy=2 free=9 extra_nodes=0
05:14 demand: queued=0 busy=2 free=9 extra_nodes=0
05:16 demand: queued=0 busy=2 free=9 extra_nodes=0
05:18 demand: queued=0 busy=2 free=9 extra_nodes=0
05:20 demand: queued=0 busy=2 free=9 extra_nodes=0
05:22 demand: queued=0 busy=2 free=9 extra_nodes=0
05:24 demand: queued=0 busy=1 free=10 extra_nodes=0
05:26 demand: queued=0 busy=2 free=9 extra_nodes=0
05:29 demand: queued=0 busy=2 free=9 extra_nodes=0
05:31 demand: queued=0 busy=2 free=9 extra_nodes=0
05:33 demand: queued=0 busy=2 free=9 extra_nodes=0
05:35 demand: queued=0 busy=2 free=9 extra_nodes=0
05:37 demand: queued=0 busy=2 free=9 extra_nodes=0
05:39 demand: queued=0 busy=2 free=9 extra_nodes=0
05:41 demand: queued=0 busy=2 free=9 extra_nodes=0
05:43 demand: queued=0 busy=2 free=9 extra_nodes=0
05:45 demand: queued=0 busy=2 free=9 extra_nodes=0
05:47 demand: queued=0 busy=2 free=9 extra_nodes=0
05:49 demand: queued=0 busy=2 free=9 extra_nodes=0
05:52 demand: queued=0 busy=2 free=9 extra_nodes=0
05:54 demand: queued=0 busy=2 free=9 extra_nodes=0
05:56 demand: queued=0 busy=2 free=9 extra_nodes=0
05:58 demand: queued=0 busy=2 free=9 extra_nodes=0
06:00 demand: queued=0 busy=2 free=9 extra_nodes=0
06:02 demand: queued=0 busy=2 free=9 extra_nodes=0
06:04 demand: queued=0 busy=2 free=9 extra_nodes=0
06:06 demand: queued=0 busy=2 free=9 extra_nodes=0
06:08 demand: queued=0 busy=2 free=9 extra_nodes=0
06:10 demand: queued=0 busy=2 free=9 extra_nodes=0
06:13 demand: queued=0 busy=2 free=9 extra_nodes=0
06:15 demand: queued=0 busy=2 free=9 extra_nodes=0
06:17 demand: queued=0 busy=2 free=9 extra_nodes=0
06:19 demand: queued=0 busy=2 free=9 extra_nodes=0
06:21 demand: queued=0 busy=2 free=9 extra_nodes=0
06:23 demand: queued=0 busy=2 free=9 extra_nodes=0
06:25 demand: queued=0 busy=2 free=9 extra_nodes=0
06:27 demand: queued=0 busy=2 free=9 extra_nodes=0
06:29 demand: queued=0 busy=2 free=9 extra_nodes=0
06:31 demand: queued=0 busy=2 free=9 extra_nodes=0
06:33 demand: queued=0 busy=2 free=9 extra_nodes=0
06:35 demand: queued=0 busy=2 free=9 extra_nodes=0
06:38 demand: queued=0 busy=2 free=9 extra_nodes=0
06:40 demand: queued=0 busy=2 free=9 extra_nodes=0
06:42 demand: queued=0 busy=2 free=9 extra_nodes=0
06:44 demand: queued=0 busy=2 free=9 extra_nodes=0
06:46 demand: queued=0 busy=2 free=9 extra_nodes=0
06:48 demand: queued=0 busy=2 free=9 extra_nodes=0
06:50 demand: queued=0 busy=2 free=9 extra_nodes=0
06:52 demand: queued=0 busy=2 free=9 extra_nodes=0
06:54 demand: queued=0 busy=2 free=9 extra_nodes=0
06:57 demand: queued=0 busy=2 free=9 extra_nodes=0
06:59 demand: queued=0 busy=2 free=9 extra_nodes=0
07:01 demand: queued=0 busy=2 free=9 extra_nodes=0
07:03 demand: queued=0 busy=2 free=9 extra_nodes=0
07:05 demand: queued=0 busy=2 free=9 extra_nodes=0
07:07 demand: queued=0 busy=2 free=9 extra_nodes=0
07:09 demand: queued=0 busy=2 free=9 extra_nodes=0
07:11 demand: queued=0 busy=2 free=9 extra_nodes=0
07:13 demand: queued=0 busy=2 free=9 extra_nodes=0
07:15 demand: queued=0 busy=2 free=9 extra_nodes=0
07:18 demand: queued=0 busy=2 free=9 extra_nodes=0
07:20 demand: queued=0 busy=2 free=9 extra_nodes=0
07:22 demand: queued=0 busy=2 free=9 extra_nodes=0
07:24 demand: queued=0 busy=2 free=9 extra_nodes=0
07:26 demand: queued=0 busy=2 free=9 extra_nodes=0
07:28 demand: queued=0 busy=2 free=9 extra_nodes=0
07:30 demand: queued=0 busy=2 free=9 extra_nodes=0
07:32 demand: queued=0 busy=2 free=9 extra_nodes=0
07:34 demand: queued=0 busy=2 free=9 extra_nodes=0
07:36 demand: queued=0 busy=2 free=9 extra_nodes=0
07:38 demand: queued=0 busy=2 free=9 extra_nodes=0
07:41 demand: queued=0 busy=2 free=9 extra_nodes=0
07:43 demand: queued=0 busy=2 free=9 extra_nodes=0
07:45 demand: queued=0 busy=2 free=9 extra_nodes=0
07:47 demand: queued=0 busy=2 free=9 extra_nodes=0
07:49 demand: queued=0 busy=2 free=9 extra_nodes=0
07:51 demand: queued=0 busy=2 free=9 extra_nodes=0
07:53 demand: queued=0 busy=2 free=9 extra_nodes=0
07:55 demand: queued=0 busy=2 free=9 extra_nodes=0
07:57 demand: queued=0 busy=2 free=9 extra_nodes=0
07:59 demand: queued=0 busy=1 free=10 extra_nodes=0
08:02 demand: queued=0 busy=1 free=10 extra_nodes=0
08:04 demand: queued=0 busy=1 free=10 extra_nodes=0
08:06 demand: queued=0 busy=1 free=10 extra_nodes=0
08:08 demand: queued=0 busy=1 free=10 extra_nodes=0
08:10 demand: queued=0 busy=1 free=10 extra_nodes=0
08:12 demand: queued=0 busy=1 free=10 extra_nodes=0
08:14 demand: queued=0 busy=1 free=10 extra_nodes=0
08:16 demand: queued=0 busy=1 free=10 extra_nodes=0
08:18 demand: queued=0 busy=1 free=10 extra_nodes=0
08:20 demand: queued=0 busy=1 free=10 extra_nodes=0
08:23 demand: queued=0 busy=1 free=10 extra_nodes=0
08:25 demand: queued=0 busy=1 free=10 extra_nodes=0
08:27 demand: queued=0 busy=1 free=10 extra_nodes=0
08:29 demand: queued=0 busy=1 free=10 extra_nodes=0
08:31 demand: queued=0 busy=1 free=10 extra_nodes=0
08:33 demand: queued=0 busy=1 free=10 extra_nodes=0
08:35 demand: queued=0 busy=1 free=10 extra_nodes=0
08:37 demand: queued=0 busy=1 free=10 extra_nodes=0
08:39 demand: queued=0 busy=1 free=10 extra_nodes=0
08:41 demand: queued=0 busy=1 free=10 extra_nodes=0
08:43 demand: queued=0 busy=1 free=10 extra_nodes=0
08:46 demand: queued=0 busy=1 free=10 extra_nodes=0
08:48 demand: queued=0 busy=1 free=10 extra_nodes=0
08:50 demand: queued=0 busy=1 free=10 extra_nodes=0
08:52 demand: queued=0 busy=1 free=10 extra_nodes=0
08:54 demand: queued=0 busy=1 free=10 extra_nodes=0
08:56 demand: queued=0 busy=0 free=11 extra_nodes=0
